// Jest Snapshot v1, https://goo.gl/fbAQLP

exports[`Todo component renders the todo correctly renders correctly 1`] = `
<div
  style={
    Object {
      "background": "#75a3a3",
      "display": "flex",
      "flexDirection": "column",
      "height": "100%",
      "width": "100%",
    }
  }
>
  <div
    style={
      Object {
        "WebkitTapHighlightColor": "rgba(0,0,0,0)",
        "backgroundColor": "#ffffff",
        "borderRadius": "0px",
        "boxShadow": undefined,
        "boxSizing": "border-box",
        "color": "rgba(0, 0, 0, 0.87)",
        "fontFamily": "Roboto, sans-serif",
        "height": "100%",
        "maxHeight": "100%",
        "muiPrepared": true,
        "overflow": "auto",
        "transition": "all 450ms cubic-bezier(0.23, 1, 0.32, 1) 0ms",
        "width": "100%",
      }
    }
  >
    <hr
      style={
        Object {
          "backgroundColor": "#e0e0e0",
          "border": "none",
          "height": 1,
          "margin": 0,
          "marginLeft": 0,
          "marginTop": -1,
          "muiPrepared": true,
        }
      }
    />
    <div
      style={
        Object {
          "muiPrepared": true,
        }
      }
    >
      <div
        style={
          Object {
            "backgroundColor": "#00bcd4",
            "display": "flex",
            "muiPrepared": true,
            "whiteSpace": "nowrap",
            "width": "100%",
          }
        }
      >
        <button
          disabled={undefined}
          onBlur={[Function]}
          onClick={[Function]}
          onFocus={[Function]}
          onKeyDown={[Function]}
          onKeyUp={[Function]}
          style={
            Object {
              "WebkitTapHighlightColor": "rgba(0, 0, 0, 0)",
              "background": "none",
              "border": 10,
              "boxSizing": "border-box",
              "color": "#ffffff",
              "cursor": "pointer",
              "display": "inline-block",
              "fontFamily": "Roboto, sans-serif",
              "fontSize": 14,
              "fontWeight": 500,
              "margin": 0,
              "muiPrepared": true,
              "outline": "none",
              "padding": 0,
              "position": "relative",
              "textDecoration": "none",
              "textTransform": "uppercase",
              "verticalAlign": null,
              "width": "33.333333333333336%",
            }
          }
          tabIndex={0}
          type="button"
        >
          <div
            onMouseDown={[Function]}
            onMouseLeave={[Function]}
            onMouseUp={[Function]}
            onTouchEnd={[Function]}
            onTouchStart={[Function]}
          >
            <div
              style={
                Object {
                  "alignItems": "center",
                  "display": "flex",
                  "flexDirection": "column",
                  "height": 48,
                  "justifyContent": "center",
                }
              }
            >
              active
            </div>
          </div>
        </button>
        <button
          disabled={undefined}
          onBlur={[Function]}
          onClick={[Function]}
          onFocus={[Function]}
          onKeyDown={[Function]}
          onKeyUp={[Function]}
          style={
            Object {
              "WebkitTapHighlightColor": "rgba(0, 0, 0, 0)",
              "background": "none",
              "border": 10,
              "boxSizing": "border-box",
              "color": "rgba(255, 255, 255, 0.7)",
              "cursor": "pointer",
              "display": "inline-block",
              "fontFamily": "Roboto, sans-serif",
              "fontSize": 14,
              "fontWeight": 500,
              "margin": 0,
              "muiPrepared": true,
              "outline": "none",
              "padding": 0,
              "position": "relative",
              "textDecoration": "none",
              "textTransform": "uppercase",
              "verticalAlign": null,
              "width": "33.333333333333336%",
            }
          }
          tabIndex={0}
          type="button"
        >
          <div
            onMouseDown={[Function]}
            onMouseLeave={[Function]}
            onMouseUp={[Function]}
            onTouchEnd={[Function]}
            onTouchStart={[Function]}
          >
            <div
              style={
                Object {
                  "alignItems": "center",
                  "display": "flex",
                  "flexDirection": "column",
                  "height": 48,
                  "justifyContent": "center",
                }
              }
            >
              completed
            </div>
          </div>
        </button>
        <button
          disabled={undefined}
          onBlur={[Function]}
          onClick={[Function]}
          onFocus={[Function]}
          onKeyDown={[Function]}
          onKeyUp={[Function]}
          style={
            Object {
              "WebkitTapHighlightColor": "rgba(0, 0, 0, 0)",
              "background": "none",
              "border": 10,
              "boxSizing": "border-box",
              "color": "rgba(255, 255, 255, 0.7)",
              "cursor": "pointer",
              "display": "inline-block",
              "fontFamily": "Roboto, sans-serif",
              "fontSize": 14,
              "fontWeight": 500,
              "margin": 0,
              "muiPrepared": true,
              "outline": "none",
              "padding": 0,
              "position": "relative",
              "textDecoration": "none",
              "textTransform": "uppercase",
              "verticalAlign": null,
              "width": "33.333333333333336%",
            }
          }
          tabIndex={0}
          type="button"
        >
          <div
            onMouseDown={[Function]}
            onMouseLeave={[Function]}
            onMouseUp={[Function]}
            onTouchEnd={[Function]}
            onTouchStart={[Function]}
          >
            <div
              style={
                Object {
                  "alignItems": "center",
                  "display": "flex",
                  "flexDirection": "column",
                  "height": 48,
                  "justifyContent": "center",
                }
              }
            >
              all
            </div>
          </div>
        </button>
      </div>
      <div
        style={
          Object {
            "width": "100%",
          }
        }
      >
        <div
          style={
            Object {
              "backgroundColor": "#ff4081",
              "bottom": 0,
              "display": "block",
              "height": 2,
              "left": "0%",
              "marginTop": -2,
              "muiPrepared": true,
              "position": "relative",
              "transition": "left 1s cubic-bezier(0.23, 1, 0.32, 1) 0ms",
              "width": "33.333333333333336%",
            }
          }
        />
      </div>
      <div
        className={undefined}
        style={
          Object {
            "muiPrepared": true,
          }
        }
      >
        <div
          style={
            Object {
              "position": "relative",
              "textAlign": "initial",
              "width": "100%",
            }
          }
        >
          <div>
            <div
              style={
                Object {
                  "muiPrepared": true,
                  "padding": "0px 0px 8px 0px",
                }
              }
            >
              <div
                style={
                  Object {
                    "boxSizing": "border-box",
                    "color": "rgba(0, 0, 0, 0.54)",
                    "fontSize": 14,
                    "fontWeight": 500,
                    "lineHeight": "48px",
                    "muiPrepared": true,
                    "paddingLeft": 16,
                    "width": "100%",
                  }
                }
              >
                0
                 items
              </div>
            </div>
          </div>
        </div>
        <div
          style={
            Object {
              "height": 0,
              "overflow": "hidden",
              "position": "relative",
              "textAlign": "initial",
              "width": "100%",
            }
          }
        >
          <div>
            <div
              style={
                Object {
                  "muiPrepared": true,
                  "padding": "0px 0px 8px 0px",
                }
              }
              styles={
                Object {
                  "height": "100%",
                  "maxHeight": "100%",
                  "overflow": "auto",
                  "width": "100%",
                }
              }
            >
              <div
                style={
                  Object {
                    "boxSizing": "border-box",
                    "color": "rgba(0, 0, 0, 0.54)",
                    "fontSize": 14,
                    "fontWeight": 500,
                    "lineHeight": "48px",
                    "muiPrepared": true,
                    "paddingLeft": 16,
                    "width": "100%",
                  }
                }
              >
                0
                 items
              </div>
            </div>
          </div>
        </div>
        <div
          style={
            Object {
              "height": 0,
              "overflow": "hidden",
              "position": "relative",
              "textAlign": "initial",
              "width": "100%",
            }
          }
        >
          <div>
            <div
              style={
                Object {
                  "boxSizing": "border-box",
                  "color": "rgba(0, 0, 0, 0.54)",
                  "fontSize": 14,
                  "fontWeight": 500,
                  "lineHeight": "48px",
                  "muiPrepared": true,
                  "paddingLeft": 16,
                  "width": "100%",
                }
              }
            >
              0
               items
            </div>
          </div>
        </div>
      </div>
    </div>
  </div>
</div>
`;
